// Jest Snapshot v1, https://goo.gl/fbAQLP

exports[`Physics Formular v^2 + 190223328567811170/7006492321624085=0 1`] = `""`;
