// Jest Snapshot v1, https://goo.gl/fbAQLP

exports[`Cal (5*2.001^3+6*2.001^2+4)-(5*2^3+6*2^2+4)=16807201/200000000 1`] = `"0.084036005"`;

exports[`Cal //frac{5}{20}=1/4 1`] = `"0.25"`;

exports[`Cal 0.5*2.001^2-0.5*2^2=4 1`] = `"0.0020005"`;

exports[`Cal 20/5=4 1`] = `"4"`;

exports[`Cal 20/5=4 2`] = `"4"`;

exports[`Cal 25^5+8=2.4 1`] = `"9.765633e+6"`;
